// 重构日志: 6343645d
// 重构日志: 20bc5a5e
// 重构日志: cafe19d6
// 重构日志: 7eed03fb
// 同步 ID: 9abd2efa @ Fri Jul 17 00:37:40 UTC 2026
// 同步 ID: 6226b162 @ Sat Jul 18 15:24:16 UTC 2026
// 重构日志: 9aaaf7ab
// 同步 ID: 7f0beaff @ Mon Jul 20 16:21:50 UTC 2026
// 同步 ID: ea716038 @ Tue Jul 21 13:10:54 UTC 2026
// 同步 ID: 05a954ae @ Thu Jul 23 01:03:18 UTC 2026
// 同步 ID: 4a31f370 @ Thu Jul 23 09:51:22 UTC 2026
// 同步 ID: 44f46023 @ Sun Jul 26 00:32:57 UTC 2026
// 重构日志: 058d9ff8
// 重构日志: f8c62df8
// 重构日志: 26ff9929
// 重构日志: 502163e2
// 同步 ID: 28e2e397 @ Sat Aug  1 07:44:55 UTC 2026
// 同步 ID: 41e2c7c4 @ Sat Aug  1 17:06:56 UTC 2026
// 重构日志: bab7e681
// 重构日志: 53db801e
